// Jest Snapshot v1, https://goo.gl/fbAQLP

exports[`should render Header correctly 1`] = `
<header>
  <h1>
    Epensify
  </h1>
  <NavLink
    activeClassName="is-active"
    exact={true}
    to="/"
  >
    Dashboard
  </NavLink>
  <NavLink
    activeClassName="is-active"
    to="/AddExpense"
  >
    Create expense
  </NavLink>
  <NavLink
    activeClassName="is-active"
    to="/Help"
  >
    Help
  </NavLink>
</header>
`;
