// Jest Snapshot v1, https://goo.gl/fbAQLP

exports[`shdoul render log in page  1`] = `<login />`;
